{
  "version": "1.5.0",
  "plugins_used": [
    {
      "name": "ArtifactoryDetector"
    },
    {
      "name": "AWSKeyDetector"
    },
    {
      "name": "AzureStorageKeyDetector"
    },
    {
      "name": "Base64HighEntropyString",
      "limit": 4.5
    },
    {
      "name": "BasicAuthDetector"
    },
    {
      "name": "CloudantDetector"
    },
    {
      "name": "DiscordBotTokenDetector"
    },
    {
      "name": "GitHubTokenDetector"
    },
    {
      "name": "GitLabTokenDetector"
    },
    {
      "name": "HexHighEntropyString",
      "limit": 3.0
    },
    {
      "name": "IbmCloudIamDetector"
    },
    {
      "name": "IbmCosHmacDetector"
    },
    {
      "name": "IPPublicDetector"
    },
    {
      "name": "JwtTokenDetector"
    },
    {
      "name": "KeywordDetector",
      "keyword_exclude": ""
    },
    {
      "name": "MailchimpDetector"
    },
    {
      "name": "NpmDetector"
    },
    {
      "name": "OpenAIDetector"
    },
    {
      "name": "PrivateKeyDetector"
    },
    {
      "name": "PypiTokenDetector"
    },
    {
      "name": "SendGridDetector"
    },
    {
      "name": "SlackDetector"
    },
    {
      "name": "SoftlayerDetector"
    },
    {
      "name": "SquareOAuthDetector"
    },
    {
      "name": "StripeDetector"
    },
    {
      "name": "TelegramBotTokenDetector"
    },
    {
      "name": "TwilioKeyDetector"
    }
  ],
  "filters_used": [
    {
      "path": "detect_secrets.filters.allowlist.is_line_allowlisted"
    },
    {
      "path": "detect_secrets.filters.common.is_baseline_file",
      "filename": ".secrets.baseline"
    },
    {
      "path": "detect_secrets.filters.common.is_ignored_due_to_verification_policies",
      "min_level": 2
    },
    {
      "path": "detect_secrets.filters.heuristic.is_indirect_reference"
    },
    {
      "path": "detect_secrets.filters.heuristic.is_likely_id_string"
    },
    {
      "path": "detect_secrets.filters.heuristic.is_lock_file"
    },
    {
      "path": "detect_secrets.filters.heuristic.is_not_alphanumeric_string"
    },
    {
      "path": "detect_secrets.filters.heuristic.is_potential_uuid"
    },
    {
      "path": "detect_secrets.filters.heuristic.is_prefixed_with_dollar_sign"
    },
    {
      "path": "detect_secrets.filters.heuristic.is_sequential_string"
    },
    {
      "path": "detect_secrets.filters.heuristic.is_swagger_file"
    },
    {
      "path": "detect_secrets.filters.heuristic.is_templated_secret"
    },
    {
      "path": "detect_secrets.filters.regex.should_exclude_file",
      "pattern": [
        "(^|/)node_modules/",
        "(^|/)\\.next/",
        "(^|/)cdk\\.out/",
        "\\.tsbuildinfo$",
        "(^|/)dist/"
      ]
    }
  ],
  "results": {
    ".env.example": [
      {
        "type": "Basic Auth Credentials",
        "filename": ".env.example",
        "hashed_secret": "7bddd44798325b40b28013a529cccb804c677d67",
        "is_verified": false,
        "line_number": 30
      }
    ],
    ".specify/integrations/claude.manifest.json": [
      {
        "type": "Hex High Entropy String",
        "filename": ".specify/integrations/claude.manifest.json",
        "hashed_secret": "00a0f31f1c6da63c374b7ae363f3a2b8cc7069a7",
        "is_verified": false,
        "line_number": 6
      },
      {
        "type": "Hex High Entropy String",
        "filename": ".specify/integrations/claude.manifest.json",
        "hashed_secret": "006c625608547b2d42363f772761fbae6d5d72eb",
        "is_verified": false,
        "line_number": 7
      },
      {
        "type": "Hex High Entropy String",
        "filename": ".specify/integrations/claude.manifest.json",
        "hashed_secret": "9f794e3beaeb3fa394b1127ba7101975f08409b7",
        "is_verified": false,
        "line_number": 8
      },
      {
        "type": "Hex High Entropy String",
        "filename": ".specify/integrations/claude.manifest.json",
        "hashed_secret": "d0bbe8f73767f182883b2797219f9e715555bc79",
        "is_verified": false,
        "line_number": 9
      },
      {
        "type": "Hex High Entropy String",
        "filename": ".specify/integrations/claude.manifest.json",
        "hashed_secret": "c18be50ec3521b50a79e45a25907db0490daf6a8",
        "is_verified": false,
        "line_number": 10
      },
      {
        "type": "Hex High Entropy String",
        "filename": ".specify/integrations/claude.manifest.json",
        "hashed_secret": "38c4ba4d6bdf95028f9e0238904efec6f6b1fb05",
        "is_verified": false,
        "line_number": 11
      },
      {
        "type": "Hex High Entropy String",
        "filename": ".specify/integrations/claude.manifest.json",
        "hashed_secret": "ccfce5e499adb5186c334e93e0404b3de84c5f45",
        "is_verified": false,
        "line_number": 12
      },
      {
        "type": "Hex High Entropy String",
        "filename": ".specify/integrations/claude.manifest.json",
        "hashed_secret": "160293e3be5a91a250cea570a6e8e22c1ec8fd36",
        "is_verified": false,
        "line_number": 13
      },
      {
        "type": "Hex High Entropy String",
        "filename": ".specify/integrations/claude.manifest.json",
        "hashed_secret": "e94098ba451fb3f3244b4e954cc795047d307477",
        "is_verified": false,
        "line_number": 14
      },
      {
        "type": "Hex High Entropy String",
        "filename": ".specify/integrations/claude.manifest.json",
        "hashed_secret": "c9804bde061f69f42acd4361b8a37d4dc6428539",
        "is_verified": false,
        "line_number": 15
      }
    ],
    ".specify/integrations/speckit.manifest.json": [
      {
        "type": "Hex High Entropy String",
        "filename": ".specify/integrations/speckit.manifest.json",
        "hashed_secret": "09983e205eef78b5d4f13704cbfb14c946fdba19",
        "is_verified": false,
        "line_number": 6
      },
      {
        "type": "Hex High Entropy String",
        "filename": ".specify/integrations/speckit.manifest.json",
        "hashed_secret": "ce760bd0cc37ac77ecbe7fd64a57c3b992430ff9",
        "is_verified": false,
        "line_number": 7
      },
      {
        "type": "Hex High Entropy String",
        "filename": ".specify/integrations/speckit.manifest.json",
        "hashed_secret": "9d61951b478c621f8d8713961eceb2647f238f43",
        "is_verified": false,
        "line_number": 8
      },
      {
        "type": "Hex High Entropy String",
        "filename": ".specify/integrations/speckit.manifest.json",
        "hashed_secret": "70d8384cee440e80583e317cf35bfbdb0e84a1e3",
        "is_verified": false,
        "line_number": 9
      },
      {
        "type": "Hex High Entropy String",
        "filename": ".specify/integrations/speckit.manifest.json",
        "hashed_secret": "5d7ec482706f124779cb450eabec399b1daa936f",
        "is_verified": false,
        "line_number": 10
      },
      {
        "type": "Hex High Entropy String",
        "filename": ".specify/integrations/speckit.manifest.json",
        "hashed_secret": "5021915fe2b7aa7b316ec61fe692ffbbd160cf86",
        "is_verified": false,
        "line_number": 11
      },
      {
        "type": "Hex High Entropy String",
        "filename": ".specify/integrations/speckit.manifest.json",
        "hashed_secret": "9ca09f61b0fce77137bb336a5537503f9f28be91",
        "is_verified": false,
        "line_number": 12
      },
      {
        "type": "Hex High Entropy String",
        "filename": ".specify/integrations/speckit.manifest.json",
        "hashed_secret": "1cc789c9238e339abe947becc75953c91c51e4d8",
        "is_verified": false,
        "line_number": 13
      },
      {
        "type": "Hex High Entropy String",
        "filename": ".specify/integrations/speckit.manifest.json",
        "hashed_secret": "ecde51343aeae413aaba7dc0a5eb327c83bdd97f",
        "is_verified": false,
        "line_number": 14
      },
      {
        "type": "Hex High Entropy String",
        "filename": ".specify/integrations/speckit.manifest.json",
        "hashed_secret": "c554696d72d6042adfe986ae6a9346af56dcc3c0",
        "is_verified": false,
        "line_number": 15
      }
    ],
    "LP/assets/9367c065-0eb8-43d7-96aa-cd5bd931f686.js": [
      {
        "type": "Base64 High Entropy String",
        "filename": "LP/assets/9367c065-0eb8-43d7-96aa-cd5bd931f686.js",
        "hashed_secret": "13ded5622237af2efcc6079718b0671ecdd4165e",
        "is_verified": false,
        "line_number": 1439
      },
      {
        "type": "Base64 High Entropy String",
        "filename": "LP/assets/9367c065-0eb8-43d7-96aa-cd5bd931f686.js",
        "hashed_secret": "18ed4a6366415e03e68e83c982650bacd21d1ba1",
        "is_verified": false,
        "line_number": 1441
      }
    ],
    "apps/answer-service/server.py": [
      {
        "type": "Basic Auth Credentials",
        "filename": "apps/answer-service/server.py",
        "hashed_secret": "7bddd44798325b40b28013a529cccb804c677d67",
        "is_verified": false,
        "line_number": 18
      }
    ],
    "apps/raku-rag (standalone) (1).html": [
      {
        "type": "Base64 High Entropy String",
        "filename": "apps/raku-rag (standalone) (1).html",
        "hashed_secret": "16e4fef74ce588cd328dd978171fa90c9a0d14bc",
        "is_verified": false,
        "line_number": 168
      },
      {
        "type": "Base64 High Entropy String",
        "filename": "apps/raku-rag (standalone) (1).html",
        "hashed_secret": "2661404d5b74ab95708168e4eec19ddbcabcfa74",
        "is_verified": false,
        "line_number": 168
      },
      {
        "type": "Base64 High Entropy String",
        "filename": "apps/raku-rag (standalone) (1).html",
        "hashed_secret": "2a4cfab65b36897ca30efb242841c037ee583a2e",
        "is_verified": false,
        "line_number": 168
      },
      {
        "type": "Base64 High Entropy String",
        "filename": "apps/raku-rag (standalone) (1).html",
        "hashed_secret": "2cc0f09840edcc71b2609ec8ceaf58c5e5ae211c",
        "is_verified": false,
        "line_number": 168
      },
      {
        "type": "Base64 High Entropy String",
        "filename": "apps/raku-rag (standalone) (1).html",
        "hashed_secret": "45796e6f670dfeffee751a107552ab7d29e26796",
        "is_verified": false,
        "line_number": 168
      },
      {
        "type": "Base64 High Entropy String",
        "filename": "apps/raku-rag (standalone) (1).html",
        "hashed_secret": "528b2bd2b5ab55af90d8f78479267d86109cd1e7",
        "is_verified": false,
        "line_number": 168
      },
      {
        "type": "Base64 High Entropy String",
        "filename": "apps/raku-rag (standalone) (1).html",
        "hashed_secret": "702d522505eaea625d10dc084d4b8614adc68051",
        "is_verified": false,
        "line_number": 168
      },
      {
        "type": "Base64 High Entropy String",
        "filename": "apps/raku-rag (standalone) (1).html",
        "hashed_secret": "8576775a985964529b769c5733c3d064f2133788",
        "is_verified": false,
        "line_number": 168
      },
      {
        "type": "Base64 High Entropy String",
        "filename": "apps/raku-rag (standalone) (1).html",
        "hashed_secret": "abaaad5cdd8908d036bccea60e0d1603c476f061",
        "is_verified": false,
        "line_number": 168
      },
      {
        "type": "Base64 High Entropy String",
        "filename": "apps/raku-rag (standalone) (1).html",
        "hashed_secret": "bd42011606cf15c4d74a13e687647adf07d63048",
        "is_verified": false,
        "line_number": 168
      },
      {
        "type": "Base64 High Entropy String",
        "filename": "apps/raku-rag (standalone) (1).html",
        "hashed_secret": "df66ea3462cb51d4a58f9ae3aa3e837c05a94ba1",
        "is_verified": false,
        "line_number": 168
      },
      {
        "type": "Base64 High Entropy String",
        "filename": "apps/raku-rag (standalone) (1).html",
        "hashed_secret": "fc6553d9d338eb5783938569e1a56b1d097a2656",
        "is_verified": false,
        "line_number": 168
      }
    ],
    "docker-compose.yml": [
      {
        "type": "Secret Keyword",
        "filename": "docker-compose.yml",
        "hashed_secret": "59687f21c405b319334c1b886426c58f357c37ee",
        "is_verified": false,
        "line_number": 71
      },
      {
        "type": "Basic Auth Credentials",
        "filename": "docker-compose.yml",
        "hashed_secret": "59687f21c405b319334c1b886426c58f357c37ee",
        "is_verified": false,
        "line_number": 81
      },
      {
        "type": "Secret Keyword",
        "filename": "docker-compose.yml",
        "hashed_secret": "a3e2c90ee7f2137240b579c43bb4a91226f4d909",
        "is_verified": false,
        "line_number": 82
      }
    ],
    "docs/loop-engineering.md": [
      {
        "type": "Basic Auth Credentials",
        "filename": "docs/loop-engineering.md",
        "hashed_secret": "7bddd44798325b40b28013a529cccb804c677d67",
        "is_verified": false,
        "line_number": 168
      }
    ],
    "infra/cdk/lib/raku-rag-stack.ts": [
      {
        "type": "Secret Keyword",
        "filename": "infra/cdk/lib/raku-rag-stack.ts",
        "hashed_secret": "55357933a7310d2db90c3fa1ed0970a7bb34ed39",
        "is_verified": false,
        "line_number": 864
      },
      {
        "type": "Secret Keyword",
        "filename": "infra/cdk/lib/raku-rag-stack.ts",
        "hashed_secret": "4235e6124e6fdbb98da97b192f95f386a1079285",
        "is_verified": false,
        "line_number": 865
      }
    ],
    "infra/docker-compose.yml": [
      {
        "type": "Secret Keyword",
        "filename": "infra/docker-compose.yml",
        "hashed_secret": "59687f21c405b319334c1b886426c58f357c37ee",
        "is_verified": false,
        "line_number": 74
      },
      {
        "type": "Basic Auth Credentials",
        "filename": "infra/docker-compose.yml",
        "hashed_secret": "59687f21c405b319334c1b886426c58f357c37ee",
        "is_verified": false,
        "line_number": 84
      },
      {
        "type": "Secret Keyword",
        "filename": "infra/docker-compose.yml",
        "hashed_secret": "a3e2c90ee7f2137240b579c43bb4a91226f4d909",
        "is_verified": false,
        "line_number": 85
      }
    ],
    "sdk/python/README.md": [
      {
        "type": "Secret Keyword",
        "filename": "sdk/python/README.md",
        "hashed_secret": "79ec06be9a01be62ee9c66276034968c23fea4de",
        "is_verified": false,
        "line_number": 17
      }
    ],
    "skills-lock.json": [
      {
        "type": "Hex High Entropy String",
        "filename": "skills-lock.json",
        "hashed_secret": "93a60a7b9f566cee28afdb48d9b1792d229ebfa4",
        "is_verified": false,
        "line_number": 8
      },
      {
        "type": "Hex High Entropy String",
        "filename": "skills-lock.json",
        "hashed_secret": "a84e1d902bdbaefbe4e7b0ccb6519af4a088609c",
        "is_verified": false,
        "line_number": 14
      },
      {
        "type": "Hex High Entropy String",
        "filename": "skills-lock.json",
        "hashed_secret": "4c81d3024bbd3a6dfab8ef74452fa08e6ff2831c",
        "is_verified": false,
        "line_number": 20
      },
      {
        "type": "Hex High Entropy String",
        "filename": "skills-lock.json",
        "hashed_secret": "9b57ca4dc072581833f5018d3ae92e64d403ae98",
        "is_verified": false,
        "line_number": 26
      }
    ],
    "src/raku_rag/persistence/secret_store.py": [
      {
        "type": "Secret Keyword",
        "filename": "src/raku_rag/persistence/secret_store.py",
        "hashed_secret": "29db6442f3a892f16aa76f8cea65b134708c829c",
        "is_verified": false,
        "line_number": 30
      }
    ],
    "src/raku_rag/production.py": [
      {
        "type": "Basic Auth Credentials",
        "filename": "src/raku_rag/production.py",
        "hashed_secret": "7bddd44798325b40b28013a529cccb804c677d67",
        "is_verified": false,
        "line_number": 85
      }
    ],
    "src/raku_rag/workers/ingestion.py": [
      {
        "type": "Secret Keyword",
        "filename": "src/raku_rag/workers/ingestion.py",
        "hashed_secret": "665b1e3851eefefa3fb878654292f16597d25155",
        "is_verified": false,
        "line_number": 907
      }
    ],
    "tests/conftest.py": [
      {
        "type": "Secret Keyword",
        "filename": "tests/conftest.py",
        "hashed_secret": "a94a8fe5ccb19ba61c4c0873d391e987982fbbd3",
        "is_verified": false,
        "line_number": 34
      },
      {
        "type": "Secret Keyword",
        "filename": "tests/conftest.py",
        "hashed_secret": "bc565f6e909ec7d3c18e2ff5d9eeb2300ff20b7f",
        "is_verified": false,
        "line_number": 52
      }
    ],
    "tests/contract/test_cdk_infrastructure.py": [
      {
        "type": "Secret Keyword",
        "filename": "tests/contract/test_cdk_infrastructure.py",
        "hashed_secret": "55357933a7310d2db90c3fa1ed0970a7bb34ed39",
        "is_verified": false,
        "line_number": 145
      }
    ],
    "tests/integration/test_provider_config_audit.py": [
      {
        "type": "Secret Keyword",
        "filename": "tests/integration/test_provider_config_audit.py",
        "hashed_secret": "16ac4aa9cb1dd157981e164d6cb2ee2157606bd1",
        "is_verified": false,
        "line_number": 33
      }
    ],
    "tests/manufacturing/test_audit_coverage.py": [
      {
        "type": "Secret Keyword",
        "filename": "tests/manufacturing/test_audit_coverage.py",
        "hashed_secret": "b55cc854a86eaac3c86113f82d614192f16c1435",
        "is_verified": false,
        "line_number": 65
      },
      {
        "type": "Secret Keyword",
        "filename": "tests/manufacturing/test_audit_coverage.py",
        "hashed_secret": "38d24916e58da10c4472b3b2b568f562e6bb77f4",
        "is_verified": false,
        "line_number": 70
      }
    ],
    "tests/manufacturing/test_export_contract.py": [
      {
        "type": "Secret Keyword",
        "filename": "tests/manufacturing/test_export_contract.py",
        "hashed_secret": "b55cc854a86eaac3c86113f82d614192f16c1435",
        "is_verified": false,
        "line_number": 31
      },
      {
        "type": "Secret Keyword",
        "filename": "tests/manufacturing/test_export_contract.py",
        "hashed_secret": "752c59b0c786bf1748092ef6e88639eb0521f494",
        "is_verified": false,
        "line_number": 32
      }
    ],
    "tests/manufacturing/test_quickstart.py": [
      {
        "type": "Secret Keyword",
        "filename": "tests/manufacturing/test_quickstart.py",
        "hashed_secret": "54ae43ef7bd7a253a7a3db3031f6e31913e735d2",
        "is_verified": false,
        "line_number": 544
      }
    ],
    "tests/unit/test_answer_service_oauth.py": [
      {
        "type": "Secret Keyword",
        "filename": "tests/unit/test_answer_service_oauth.py",
        "hashed_secret": "e5d3db477707ed7e063c4cc9f87449633c3337c4",
        "is_verified": false,
        "line_number": 24
      }
    ],
    "tests/unit/test_datasource_repository.py": [
      {
        "type": "Secret Keyword",
        "filename": "tests/unit/test_datasource_repository.py",
        "hashed_secret": "6af3c121ed4a752936c297cddfb7b00394eabf10",
        "is_verified": false,
        "line_number": 29
      }
    ],
    "tests/unit/test_embedding_configuration.py": [
      {
        "type": "Secret Keyword",
        "filename": "tests/unit/test_embedding_configuration.py",
        "hashed_secret": "e9a5f12a8ecbb3eb46eca5096b5c52aa5e7c9fdd",
        "is_verified": false,
        "line_number": 51
      }
    ],
    "tests/unit/test_oauth_connection.py": [
      {
        "type": "Secret Keyword",
        "filename": "tests/unit/test_oauth_connection.py",
        "hashed_secret": "d56680ea0515a5b99e7b84f253f220dd608dcb5a",
        "is_verified": false,
        "line_number": 69
      }
    ],
    "tests/unit/test_oauth_token_resolver.py": [
      {
        "type": "Secret Keyword",
        "filename": "tests/unit/test_oauth_token_resolver.py",
        "hashed_secret": "5530a000e0696af2f05defa12f45933c43252268",
        "is_verified": false,
        "line_number": 19
      },
      {
        "type": "Secret Keyword",
        "filename": "tests/unit/test_oauth_token_resolver.py",
        "hashed_secret": "be73a6b2a8e611995c876db1a4669fcf0e9aeba3",
        "is_verified": false,
        "line_number": 47
      }
    ],
    "tests/unit/test_openai_embed3.py": [
      {
        "type": "Secret Keyword",
        "filename": "tests/unit/test_openai_embed3.py",
        "hashed_secret": "e9a5f12a8ecbb3eb46eca5096b5c52aa5e7c9fdd",
        "is_verified": false,
        "line_number": 78
      }
    ],
    "tests/unit/test_python_sdk_client.py": [
      {
        "type": "Secret Keyword",
        "filename": "tests/unit/test_python_sdk_client.py",
        "hashed_secret": "e5e9fa1ba31ecd1ae84f75caaa474f3a663f05f4",
        "is_verified": false,
        "line_number": 51
      },
      {
        "type": "Secret Keyword",
        "filename": "tests/unit/test_python_sdk_client.py",
        "hashed_secret": "79ec06be9a01be62ee9c66276034968c23fea4de",
        "is_verified": false,
        "line_number": 71
      }
    ],
    "tests/unit/test_secret_store.py": [
      {
        "type": "Secret Keyword",
        "filename": "tests/unit/test_secret_store.py",
        "hashed_secret": "971c419dd609331343dee105fffd0f4608dc0bf2",
        "is_verified": false,
        "line_number": 160
      },
      {
        "type": "Secret Keyword",
        "filename": "tests/unit/test_secret_store.py",
        "hashed_secret": "55357933a7310d2db90c3fa1ed0970a7bb34ed39",
        "is_verified": false,
        "line_number": 178
      }
    ]
  },
  "generated_at": "2026-06-27T16:19:58Z"
}
