{
  "version": "1.5.0",
  "plugins_used": [
    {
      "name": "ArtifactoryDetector"
    },
    {
      "name": "AWSKeyDetector"
    },
    {
      "name": "AzureStorageKeyDetector"
    },
    {
      "name": "Base64HighEntropyString",
      "limit": 4.5
    },
    {
      "name": "BasicAuthDetector"
    },
    {
      "name": "CloudantDetector"
    },
    {
      "name": "DiscordBotTokenDetector"
    },
    {
      "name": "GitHubTokenDetector"
    },
    {
      "name": "GitLabTokenDetector"
    },
    {
      "name": "HexHighEntropyString",
      "limit": 3.0
    },
    {
      "name": "IbmCloudIamDetector"
    },
    {
      "name": "IbmCosHmacDetector"
    },
    {
      "name": "IPPublicDetector"
    },
    {
      "name": "JwtTokenDetector"
    },
    {
      "name": "KeywordDetector",
      "keyword_exclude": ""
    },
    {
      "name": "MailchimpDetector"
    },
    {
      "name": "NpmDetector"
    },
    {
      "name": "OpenAIDetector"
    },
    {
      "name": "PrivateKeyDetector"
    },
    {
      "name": "PypiTokenDetector"
    },
    {
      "name": "SendGridDetector"
    },
    {
      "name": "SlackDetector"
    },
    {
      "name": "SoftlayerDetector"
    },
    {
      "name": "SquareOAuthDetector"
    },
    {
      "name": "StripeDetector"
    },
    {
      "name": "TelegramBotTokenDetector"
    },
    {
      "name": "TwilioKeyDetector"
    }
  ],
  "filters_used": [
    {
      "path": "detect_secrets.filters.allowlist.is_line_allowlisted"
    },
    {
      "path": "detect_secrets.filters.common.is_baseline_file",
      "filename": ".secrets.baseline"
    },
    {
      "path": "detect_secrets.filters.common.is_ignored_due_to_verification_policies",
      "min_level": 2
    },
    {
      "path": "detect_secrets.filters.heuristic.is_indirect_reference"
    },
    {
      "path": "detect_secrets.filters.heuristic.is_likely_id_string"
    },
    {
      "path": "detect_secrets.filters.heuristic.is_lock_file"
    },
    {
      "path": "detect_secrets.filters.heuristic.is_not_alphanumeric_string"
    },
    {
      "path": "detect_secrets.filters.heuristic.is_potential_uuid"
    },
    {
      "path": "detect_secrets.filters.heuristic.is_prefixed_with_dollar_sign"
    },
    {
      "path": "detect_secrets.filters.heuristic.is_sequential_string"
    },
    {
      "path": "detect_secrets.filters.heuristic.is_swagger_file"
    },
    {
      "path": "detect_secrets.filters.heuristic.is_templated_secret"
    },
    {
      "path": "detect_secrets.filters.regex.should_exclude_file",
      "pattern": [
        "node_modules/|\\.git/|\\.ruff_cache/|\\.mypy_cache/|__pycache__/|package-lock\\.json|\\.secrets\\.baseline"
      ]
    }
  ],
  "results": {
    ".env.example": [
      {
        "type": "Basic Auth Credentials",
        "filename": ".env.example",
        "hashed_secret": "7bddd44798325b40b28013a529cccb804c677d67",
        "is_verified": false,
        "line_number": 30
      }
    ],
    ".specify/integrations/claude.manifest.json": [
      {
        "type": "Hex High Entropy String",
        "filename": ".specify/integrations/claude.manifest.json",
        "hashed_secret": "00a0f31f1c6da63c374b7ae363f3a2b8cc7069a7",
        "is_verified": false,
        "line_number": 6
      },
      {
        "type": "Hex High Entropy String",
        "filename": ".specify/integrations/claude.manifest.json",
        "hashed_secret": "006c625608547b2d42363f772761fbae6d5d72eb",
        "is_verified": false,
        "line_number": 7
      },
      {
        "type": "Hex High Entropy String",
        "filename": ".specify/integrations/claude.manifest.json",
        "hashed_secret": "9f794e3beaeb3fa394b1127ba7101975f08409b7",
        "is_verified": false,
        "line_number": 8
      },
      {
        "type": "Hex High Entropy String",
        "filename": ".specify/integrations/claude.manifest.json",
        "hashed_secret": "d0bbe8f73767f182883b2797219f9e715555bc79",
        "is_verified": false,
        "line_number": 9
      },
      {
        "type": "Hex High Entropy String",
        "filename": ".specify/integrations/claude.manifest.json",
        "hashed_secret": "c18be50ec3521b50a79e45a25907db0490daf6a8",
        "is_verified": false,
        "line_number": 10
      },
      {
        "type": "Hex High Entropy String",
        "filename": ".specify/integrations/claude.manifest.json",
        "hashed_secret": "38c4ba4d6bdf95028f9e0238904efec6f6b1fb05",
        "is_verified": false,
        "line_number": 11
      },
      {
        "type": "Hex High Entropy String",
        "filename": ".specify/integrations/claude.manifest.json",
        "hashed_secret": "ccfce5e499adb5186c334e93e0404b3de84c5f45",
        "is_verified": false,
        "line_number": 12
      },
      {
        "type": "Hex High Entropy String",
        "filename": ".specify/integrations/claude.manifest.json",
        "hashed_secret": "160293e3be5a91a250cea570a6e8e22c1ec8fd36",
        "is_verified": false,
        "line_number": 13
      },
      {
        "type": "Hex High Entropy String",
        "filename": ".specify/integrations/claude.manifest.json",
        "hashed_secret": "e94098ba451fb3f3244b4e954cc795047d307477",
        "is_verified": false,
        "line_number": 14
      },
      {
        "type": "Hex High Entropy String",
        "filename": ".specify/integrations/claude.manifest.json",
        "hashed_secret": "c9804bde061f69f42acd4361b8a37d4dc6428539",
        "is_verified": false,
        "line_number": 15
      }
    ],
    ".specify/integrations/speckit.manifest.json": [
      {
        "type": "Hex High Entropy String",
        "filename": ".specify/integrations/speckit.manifest.json",
        "hashed_secret": "09983e205eef78b5d4f13704cbfb14c946fdba19",
        "is_verified": false,
        "line_number": 6
      },
      {
        "type": "Hex High Entropy String",
        "filename": ".specify/integrations/speckit.manifest.json",
        "hashed_secret": "ce760bd0cc37ac77ecbe7fd64a57c3b992430ff9",
        "is_verified": false,
        "line_number": 7
      },
      {
        "type": "Hex High Entropy String",
        "filename": ".specify/integrations/speckit.manifest.json",
        "hashed_secret": "9d61951b478c621f8d8713961eceb2647f238f43",
        "is_verified": false,
        "line_number": 8
      },
      {
        "type": "Hex High Entropy String",
        "filename": ".specify/integrations/speckit.manifest.json",
        "hashed_secret": "70d8384cee440e80583e317cf35bfbdb0e84a1e3",
        "is_verified": false,
        "line_number": 9
      },
      {
        "type": "Hex High Entropy String",
        "filename": ".specify/integrations/speckit.manifest.json",
        "hashed_secret": "5d7ec482706f124779cb450eabec399b1daa936f",
        "is_verified": false,
        "line_number": 10
      },
      {
        "type": "Hex High Entropy String",
        "filename": ".specify/integrations/speckit.manifest.json",
        "hashed_secret": "5021915fe2b7aa7b316ec61fe692ffbbd160cf86",
        "is_verified": false,
        "line_number": 11
      },
      {
        "type": "Hex High Entropy String",
        "filename": ".specify/integrations/speckit.manifest.json",
        "hashed_secret": "9ca09f61b0fce77137bb336a5537503f9f28be91",
        "is_verified": false,
        "line_number": 12
      },
      {
        "type": "Hex High Entropy String",
        "filename": ".specify/integrations/speckit.manifest.json",
        "hashed_secret": "1cc789c9238e339abe947becc75953c91c51e4d8",
        "is_verified": false,
        "line_number": 13
      },
      {
        "type": "Hex High Entropy String",
        "filename": ".specify/integrations/speckit.manifest.json",
        "hashed_secret": "ecde51343aeae413aaba7dc0a5eb327c83bdd97f",
        "is_verified": false,
        "line_number": 14
      },
      {
        "type": "Hex High Entropy String",
        "filename": ".specify/integrations/speckit.manifest.json",
        "hashed_secret": "c554696d72d6042adfe986ae6a9346af56dcc3c0",
        "is_verified": false,
        "line_number": 15
      }
    ],
    "apps/answer-service/server.py": [
      {
        "type": "Basic Auth Credentials",
        "filename": "apps/answer-service/server.py",
        "hashed_secret": "7bddd44798325b40b28013a529cccb804c677d67",
        "is_verified": false,
        "line_number": 17
      }
    ],
    "docker-compose.yml": [
      {
        "type": "Secret Keyword",
        "filename": "docker-compose.yml",
        "hashed_secret": "59687f21c405b319334c1b886426c58f357c37ee",
        "is_verified": false,
        "line_number": 71
      },
      {
        "type": "Basic Auth Credentials",
        "filename": "docker-compose.yml",
        "hashed_secret": "59687f21c405b319334c1b886426c58f357c37ee",
        "is_verified": false,
        "line_number": 81
      },
      {
        "type": "Secret Keyword",
        "filename": "docker-compose.yml",
        "hashed_secret": "a3e2c90ee7f2137240b579c43bb4a91226f4d909",
        "is_verified": false,
        "line_number": 82
      }
    ],
    "docs/loop-engineering.md": [
      {
        "type": "Basic Auth Credentials",
        "filename": "docs/loop-engineering.md",
        "hashed_secret": "7bddd44798325b40b28013a529cccb804c677d67",
        "is_verified": false,
        "line_number": 168
      }
    ],
    "infra/docker-compose.yml": [
      {
        "type": "Secret Keyword",
        "filename": "infra/docker-compose.yml",
        "hashed_secret": "59687f21c405b319334c1b886426c58f357c37ee",
        "is_verified": false,
        "line_number": 74
      },
      {
        "type": "Basic Auth Credentials",
        "filename": "infra/docker-compose.yml",
        "hashed_secret": "59687f21c405b319334c1b886426c58f357c37ee",
        "is_verified": false,
        "line_number": 84
      },
      {
        "type": "Secret Keyword",
        "filename": "infra/docker-compose.yml",
        "hashed_secret": "a3e2c90ee7f2137240b579c43bb4a91226f4d909",
        "is_verified": false,
        "line_number": 85
      }
    ],
    "sdk/python/README.md": [
      {
        "type": "Secret Keyword",
        "filename": "sdk/python/README.md",
        "hashed_secret": "79ec06be9a01be62ee9c66276034968c23fea4de",
        "is_verified": false,
        "line_number": 17
      }
    ],
    "src/raku_rag/production.py": [
      {
        "type": "Basic Auth Credentials",
        "filename": "src/raku_rag/production.py",
        "hashed_secret": "7bddd44798325b40b28013a529cccb804c677d67",
        "is_verified": false,
        "line_number": 55
      }
    ],
    "src/raku_rag/workers/ingestion.py": [
      {
        "type": "Secret Keyword",
        "filename": "src/raku_rag/workers/ingestion.py",
        "hashed_secret": "665b1e3851eefefa3fb878654292f16597d25155",
        "is_verified": false,
        "line_number": 627
      }
    ],
    "tests/conftest.py": [
      {
        "type": "Secret Keyword",
        "filename": "tests/conftest.py",
        "hashed_secret": "a94a8fe5ccb19ba61c4c0873d391e987982fbbd3",
        "is_verified": false,
        "line_number": 34
      },
      {
        "type": "Secret Keyword",
        "filename": "tests/conftest.py",
        "hashed_secret": "bc565f6e909ec7d3c18e2ff5d9eeb2300ff20b7f",
        "is_verified": false,
        "line_number": 52
      }
    ],
    "tests/integration/test_provider_config_audit.py": [
      {
        "type": "Secret Keyword",
        "filename": "tests/integration/test_provider_config_audit.py",
        "hashed_secret": "16ac4aa9cb1dd157981e164d6cb2ee2157606bd1",
        "is_verified": false,
        "line_number": 33
      }
    ],
    "tests/manufacturing/test_audit_coverage.py": [
      {
        "type": "Secret Keyword",
        "filename": "tests/manufacturing/test_audit_coverage.py",
        "hashed_secret": "b55cc854a86eaac3c86113f82d614192f16c1435",
        "is_verified": false,
        "line_number": 65
      },
      {
        "type": "Secret Keyword",
        "filename": "tests/manufacturing/test_audit_coverage.py",
        "hashed_secret": "38d24916e58da10c4472b3b2b568f562e6bb77f4",
        "is_verified": false,
        "line_number": 70
      }
    ],
    "tests/manufacturing/test_export_contract.py": [
      {
        "type": "Secret Keyword",
        "filename": "tests/manufacturing/test_export_contract.py",
        "hashed_secret": "b55cc854a86eaac3c86113f82d614192f16c1435",
        "is_verified": false,
        "line_number": 31
      },
      {
        "type": "Secret Keyword",
        "filename": "tests/manufacturing/test_export_contract.py",
        "hashed_secret": "752c59b0c786bf1748092ef6e88639eb0521f494",
        "is_verified": false,
        "line_number": 32
      }
    ],
    "tests/manufacturing/test_quickstart.py": [
      {
        "type": "Secret Keyword",
        "filename": "tests/manufacturing/test_quickstart.py",
        "hashed_secret": "54ae43ef7bd7a253a7a3db3031f6e31913e735d2",
        "is_verified": false,
        "line_number": 544
      }
    ],
    "tests/unit/test_python_sdk_client.py": [
      {
        "type": "Secret Keyword",
        "filename": "tests/unit/test_python_sdk_client.py",
        "hashed_secret": "e5e9fa1ba31ecd1ae84f75caaa474f3a663f05f4",
        "is_verified": false,
        "line_number": 51
      },
      {
        "type": "Secret Keyword",
        "filename": "tests/unit/test_python_sdk_client.py",
        "hashed_secret": "79ec06be9a01be62ee9c66276034968c23fea4de",
        "is_verified": false,
        "line_number": 71
      }
    ]
  },
  "generated_at": "2026-06-22T09:09:31Z"
}
